<?xml version="1.0" encoding="UTF-8"?>
<testsuites name="jest tests" tests="3" failures="0" errors="0" time="0.889">
  <testsuite name="ProductList" errors="0" failures="0" skipped="0" timestamp="2024-10-03T17:53:16" time="0.565" tests="3">
    <testcase classname="ProductList renders the correct number of products" name="ProductList renders the correct number of products" time="0.325">
    </testcase>
    <testcase classname="ProductList renders Product 1 correctly" name="ProductList renders Product 1 correctly" time="0.003">
    </testcase>
    <testcase classname="ProductList [Fails this test on purpose] renders Product 10 correctly" name="ProductList [Fails this test on purpose] renders Product 10 correctly" time="0.002">
    </testcase>
  </testsuite>
</testsuites>